test
20231027